mysql> CREATE TABLE GRADE_SCALE (
    ->     Min_Marks DECIMAL(5,2) NOT NULL,
    ->     Max_Marks DECIMAL(5,2) NOT NULL,
    ->     Grade CHAR(2) NOT NULL,
    ->     Grade_Point DECIMAL(3,2) NOT NULL,
    ->     PRIMARY KEY (Min_Marks, Max_Marks)
    -> );
Query OK, 0 rows affected (0.04 sec)

mysql> DESC GRADE_SCALE;
+-------------+--------------+------+-----+---------+-------+
| Field       | Type         | Null | Key | Default | Extra |
+-------------+--------------+------+-----+---------+-------+
| Min_Marks   | decimal(5,2) | NO   | PRI | NULL    |       |
| Max_Marks   | decimal(5,2) | NO   | PRI | NULL    |       |
| Grade       | char(2)      | NO   |     | NULL    |       |
| Grade_Point | decimal(3,2) | NO   |     | NULL    |       |
+-------------+--------------+------+-----+---------+-------+
4 rows in set (0.01 sec)

mysql>
//////////////////////////////////////////////////////////////////////////////////////


mysql> CREATE TABLE STUDENT_RESULT (
    ->     Result_Id INT AUTO_INCREMENT PRIMARY KEY,
    ->     ST_Id VARCHAR(15) NOT NULL,
    ->     Semester VARCHAR(20),
    ->     SGPA DECIMAL(3,2),
    ->     CGPA DECIMAL(3,2),
    ->     FOREIGN KEY (ST_Id) REFERENCES STUDENT(ST_Id)
    -> );
Query OK, 0 rows affected (0.05 sec)

mysql> DESC STUDENT_RESULT;
+-----------+--------------+------+-----+---------+----------------+
| Field     | Type         | Null | Key | Default | Extra          |
+-----------+--------------+------+-----+---------+----------------+
| Result_Id | int          | NO   | PRI | NULL    | auto_increment |
| ST_Id     | varchar(15)  | NO   | MUL | NULL    |                |
| Semester  | varchar(20)  | YES  |     | NULL    |                |
| SGPA      | decimal(3,2) | YES  |     | NULL    |                |
| CGPA      | decimal(3,2) | YES  |     | NULL    |                |
+-----------+--------------+------+-----+---------+----------------+
5 rows in set (0.00 sec)

mysql>
//////////////////////////////////////////////////////////////////////////////////////


mysql> CREATE TABLE COURSE_ENROLLMENT (
    ->     Enrollment_Id INT AUTO_INCREMENT PRIMARY KEY,
    ->     ST_Id VARCHAR(15) NOT NULL,
    ->     Course_code VARCHAR(15) NOT NULL,
    ->     Enrolled_Date DATE DEFAULT '2025-09-23',
    ->     Attendance_Eligible BOOLEAN DEFAULT FALSE,
    ->     CA_Eligible BOOLEAN DEFAULT FALSE,
    ->     Final_Eligible BOOLEAN DEFAULT FALSE,
    ->     FOREIGN KEY (ST_Id) REFERENCES STUDENT(ST_Id),
    ->     FOREIGN KEY (Course_code) REFERENCES COURSE_UNIT(Course_code)
    -> );
Query OK, 0 rows affected (0.06 sec)

mysql> desc COURSE_ENROLLMENT;
+---------------------+-------------+------+-----+------------+----------------+
| Field               | Type        | Null | Key | Default    | Extra          |
+---------------------+-------------+------+-----+------------+----------------+
| Enrollment_Id       | int         | NO   | PRI | NULL       | auto_increment |
| ST_Id               | varchar(15) | NO   | MUL | NULL       |                |
| Course_code         | varchar(15) | NO   | MUL | NULL       |                |
| Enrolled_Date       | date        | YES  |     | 2025-09-23 |                |
| Attendance_Eligible | tinyint(1)  | YES  |     | 0          |                |
| CA_Eligible         | tinyint(1)  | YES  |     | 0          |                |
| Final_Eligible      | tinyint(1)  | YES  |     | 0          |                |
+---------------------+-------------+------+-----+------------+----------------+
7 rows in set (0.00 sec)

mysql>
///////////////////////////////////////////////////////////////////////////////////////

mysql> DROP DATABASE student_management;
Query OK, 16 rows affected (0.38 sec)

mysql>

//////////////////////////////////////////////
mysql> CREATE TABLE attendance (
    ->     Attendance_Id VARCHAR(20) NOT NULL PRIMARY KEY,
    ->     ST_Id VARCHAR(20) NOT NULL,
    ->     Course_code VARCHAR(15) NOT NULL,
    ->     Session_Date DATE NOT NULL,
    ->     Week_Number INT NOT NULL,
    ->     Session_Number INT NOT NULL,
    ->     Session_Type ENUM('Theory','Practical','Lab') NOT NULL,
    ->     Status ENUM('Present','Absent','Medical') DEFAULT 'Present'
    -> );
Query OK, 0 rows affected (0.03 sec)

mysql>
//////////////////////////////////////////////////
mysql> ALTER TABLE attendance
    ->     ADD CONSTRAINT fk_attendance_student
    ->         FOREIGN KEY (ST_Id) REFERENCES student(Registration_No)
    ->         ON UPDATE CASCADE ON DELETE CASCADE,
    ->     ADD CONSTRAINT fk_attendance_course
    ->         FOREIGN KEY (Course_code) REFERENCES course_unit(Course_code)
    ->         ON UPDATE CASCADE ON DELETE RESTRICT;
Query OK, 0 rows affected (0.09 sec)
Records: 0  Duplicates: 0  Warnings: 0

mysql> DESC attendence;
ERROR 1146 (42S02): Table 'student_management.attendence' doesn't exist
mysql> DESC attendance;
+----------------+------------------------------------+------+-----+---------+-------+
| Field          | Type                               | Null | Key | Default | Extra |
+----------------+------------------------------------+------+-----+---------+-------+
| Attendance_Id  | varchar(20)                        | NO   | PRI | NULL    |       |
| ST_Id          | varchar(20)                        | NO   | MUL | NULL    |       |
| Course_code    | varchar(15)                        | NO   | MUL | NULL    |       |
| Session_Date   | date                               | NO   |     | NULL    |       |
| Week_Number    | int                                | NO   |     | NULL    |       |
| Session_Number | int                                | NO   |     | NULL    |       |
| Session_Type   | enum('Theory','Practical','Lab')   | NO   |     | NULL    |       |
| Status         | enum('Present','Absent','Medical') | YES  |     | Present |       |
+----------------+------------------------------------+------+-----+---------+-------+
8 rows in set (0.00 sec)